> Task :checkKotlinGradlePluginConfigurationErrors SKIPPED
> Task :initializeIntellijPlatformPlugin
> Task :patchPluginXml UP-TO-DATE
> Task :processResources UP-TO-DATE
> Task :generateManifest UP-TO-DATE
> Task :processTestResources UP-TO-DATE
> Task :koverFindJar UP-TO-DATE

> Task :compileKotlin FAILED
7 actionable tasks: 2 executed, 5 up-to-date
